// Jest Snapshot v1, https://goo.gl/fbAQLP

exports[`Content Should render correctly 1`] = `
<div
  className="contx"
  id="content"
>
  <div
    className="dos cards-table"
  />
  <div
    className="s"
  />
</div>
`;
