// Jest Snapshot v1, https://goo.gl/fbAQLP

exports[`Modal Should render correctly 1`] = `
<div
  className="modal display-none"
>
  <section
    className="modal-main"
  >
    <span
      className="erro"
    >
      "Error! No encontramos nada"
    </span>
    <button
      className="button"
      onClick={[Function]}
    >
      Cerrar
    </button>
  </section>
</div>
`;
